char_maps["IBM-0037"] = {

  0x00 => "\u0000",
  0x01 => "\u0001",
  0x02 => "\u0002",
  0x03 => "\u0003",
  0x04 => "\u009C",
  0x05 => "\u0009",
  0x06 => "\u0086",
  0x07 => "\u007F",
  0x08 => "\u0097",
  0x09 => "\u008D",
  0x0A => "\u008E",
  0x0B => "\u000B",
  0x0C => "\u000C",
  0x0D => "\u000D",
  0x0E => "\u000E",
  0x0F => "\u000F",

  0x10 => "\u0010",
  0x11 => "\u0011",
  0x12 => "\u0012",
  0x13 => "\u0013",
  0x14 => "\u009D",
  0x15 => "\u0085",
  0x16 => "\u0008",
  0x17 => "\u0097",
  0x18 => "\u0018",
  0x19 => "\u0019",
  0x1A => "\u0092",
  0x1B => "\u008F",
  0x1C => "\u001C",
  0x1D => "\u001D",
  0x1E => "\u001E",
  0x1F => "\u001F",

  0x20 => "\u0080",
  0x21 => "\u0081",
  0x22 => "\u0082",
  0x23 => "\u0083",
  0x24 => "\u0084",
  0x25 => "\u000A",
  0x26 => "\u0017",
  0x27 => "\u001B",
  0x28 => "\u0088",
  0x29 => "\u0089",
  0x2A => "\u008A",
  0x2B => "\u008B",
  0x2C => "\u008C",
  0x2D => "\u0005",
  0x2E => "\u0006",
  0x2F => "\u0007",

  0x30 => "\u0090",
  0x31 => "\u0091",
  0x32 => "\u0016",
  0x33 => "\u0093",
  0x34 => "\u0094",
  0x35 => "\u0095",
  0x36 => "\u0096",
  0x37 => "\u0004",
  0x38 => "\u0098",
  0x39 => "\u0099",
  0x3A => "\u009A",
  0x3B => "\u009B",
  0x3C => "\u0014",
  0x3D => "\u0015",
  0x3E => "\u009E",
  0x3F => "\u001A",

  0x40 => "\u0020",
  0x41 => "\u00A0", #REQUIRED SPACE ???
  0x42 => "â",
  0x43 => "ä",
  0x44 => "à",
  0x45 => "á",
  0x46 => "ã",
  0x47 => "å",
  0x48 => "ҫ",
  0x49 => "ñ",
  0x4A => "¢",
  0x4B => ".",
  0x4C => "<",
  0x4D => "(",
  0x4E => "+",
  0x4F => "|",

  0x50 => "&",
  0x51 => "é",
  0x52 => "ê",
  0x53 => "ë",
  0x54 => "è",
  0x55 => "í",
  0x56 => "î",
  0x57 => "ï",
  0x58 => "ì",
  0x59 => "ß",
  0x5A => "!",
  0x5B => "$",
  0x5C => "*",
  0x5D => ")",
  0x5E => ";",
  0x5F => "¬",

  0x60 => "-",
  0x61 => "/",
  0x62 => "Â",
  0x63 => "Ä",
  0x64 => "À",
  0x65 => "Á",
  0x66 => "Ã",
  0x67 => "Å",
  0x68 => "Ç",
  0x69 => "Ñ",
  0x6A => "¦",
  0x6B => ",",
  0x6C => "%",
  0x6D => "_",
  0x6E => ">",
  0x6F => "?",

  0x70 => "ø",
  0x71 => "É",
  0x72 => "Ê",
  0x73 => "Ë",
  0x74 => "È",
  0x75 => "Í",
  0x76 => "Î",
  0x77 => "Ï",
  0x78 => "Ì",
  0x79 => "`",
  0x7A => ":",
  0x7B => "#",
  0x7C => "@",
  0x7D => "'",
  0x7E => "=",
  0x7F => "\"",

  0x80 => "Ø",
  0x81 => "a",
  0x82 => "b",
  0x83 => "c",
  0x84 => "d",
  0x85 => "e",
  0x86 => "f",
  0x87 => "g",
  0x88 => "h",
  0x89 => "i",
  0x8A => "«",
  0x8B => "»",
  0x8C => "ð",
  0x8D => "ý",
  0x8E => "þ",
  0x8F => "±",

  0x90 => "°",
  0x91 => "j",
  0x92 => "k",
  0x93 => "l",
  0x94 => "m",
  0x95 => "n",
  0x96 => "o",
  0x97 => "p",
  0x98 => "q",
  0x99 => "r",
  0x9A => ".", #NOT IMPLEMENTED (Ordinal Indicator, Feminine)
  0x9B => ".", #NOT IMPLEMENTED (Ordinal Indicator, Masculine)
  0x9C => "æ",
  0x9D => "¸", #Cedilla
  0x9E => "Æ",
  0x9F => "¤",

  0xA0 => "μ",
  0xA1 => "~",
  0xA2 => "s",
  0xA3 => "t",
  0xA4 => "u",
  0xA5 => "v",
  0xA6 => "w",
  0xA7 => "x",
  0xA8 => "y",
  0xA9 => "z",
  0xAA => "¡",
  0xAB => "¿",
  0xAC => "Ð",
  0xAD => "Ý",
  0xAE => "Þ",
  0xAF => "®",

  0xB0 => "^",
  0xB1 => "£",
  0xB2 => "¥",
  0xB3 => "•",
  0xB4 => "©",
  0xB5 => "§",
  0xB6 => "¶",
  0xB7 => "¼",
  0xB8 => "½",
  0xB9 => "¾",
  0xBA => "[",
  0xBB => "]",
  0xBC => "‾",
  0xBD => "¨",
  0xBE => "´",
  0xBF => "×",

  0xC0 => "{",
  0xC1 => "A",
  0xC2 => "B",
  0xC3 => "C",
  0xC4 => "D",
  0xC5 => "E",
  0xC6 => "F",
  0xC7 => "G",
  0xC8 => "H",
  0xC9 => "I",
  0xCA => "‐",
  0xCB => "ô",
  0xCC => "ö",
  0xCD => "ò",
  0xCE => "ó",
  0xCF => "õ",

  0xD0 => "}",
  0xD1 => "J",
  0xD2 => "K",
  0xD3 => "L",
  0xD4 => "M",
  0xD5 => "N",
  0xD6 => "O",
  0xD7 => "P",
  0xD8 => "Q",
  0xD9 => "R",
  0xDA => "¹",
  0xDB => "û",
  0xDC => "ü",
  0xDD => "ù",
  0xDE => "ú",
  0xDF => "ÿ",

  0xE0 => "\\",
  0xE1 => "÷",
  0xE2 => "S",
  0xE3 => "T",
  0xE4 => "U",
  0xE5 => "V",
  0xE6 => "W",
  0xE7 => "X",
  0xE8 => "Y",
  0xE9 => "Z",
  0xEA => "²",
  0xEB => "Ô",
  0xEC => "Ö",
  0xED => "Ò",
  0xEE => "Ó",
  0xEF => "Õ",

  0xF0 => "0",
  0xF1 => "1",
  0xF2 => "2",
  0xF3 => "3",
  0xF4 => "4",
  0xF5 => "5",
  0xF6 => "6",
  0xF7 => "7",
  0xF8 => "8",
  0xF9 => "9",
  0xFA => "³",
  0xFB => "Û",
  0xFC => "Ü",
  0xFD => "Ú",
  0xFE => "Ù",
  0xFF => "" #Not Set
}